2024-08-13T14:52:17.432-05:00  INFO 3768 --- [SeriesAnalyzer] [restartedMain] c.SeriesAnalyzer.main.LoginApplication   : Starting LoginApplication using Java 22.0.1 with PID 3768 (C:\Users\USUARIO\Desktop\Proyects\series-analyzer-web-sql\Backend\target\classes started by USUARIO in C:\Users\USUARIO\Desktop\Proyects\series-analyzer-web-sql\Backend)
2024-08-13T14:52:17.446-05:00  INFO 3768 --- [SeriesAnalyzer] [restartedMain] c.SeriesAnalyzer.main.LoginApplication   : No active profile set, falling back to 1 default profile: "default"
2024-08-13T14:52:17.504-05:00  INFO 3768 --- [SeriesAnalyzer] [restartedMain] .e.DevToolsPropertyDefaultsPostProcessor : Devtools property defaults active! Set 'spring.devtools.add-properties' to 'false' to disable
2024-08-13T14:52:17.505-05:00  INFO 3768 --- [SeriesAnalyzer] [restartedMain] .e.DevToolsPropertyDefaultsPostProcessor : For additional web related logging consider setting the 'logging.level.web' property to 'DEBUG'
2024-08-13T14:52:18.572-05:00  INFO 3768 --- [SeriesAnalyzer] [restartedMain] .s.d.r.c.RepositoryConfigurationDelegate : Bootstrapping Spring Data JPA repositories in DEFAULT mode.
2024-08-13T14:52:18.902-05:00  INFO 3768 --- [SeriesAnalyzer] [restartedMain] .s.d.r.c.RepositoryConfigurationDelegate : Finished Spring Data repository scanning in 322 ms. Found 20 JPA repository interfaces.
2024-08-13T14:52:20.008-05:00  INFO 3768 --- [SeriesAnalyzer] [restartedMain] o.s.b.w.embedded.tomcat.TomcatWebServer  : Tomcat initialized with port 8080 (http)
2024-08-13T14:52:20.032-05:00  INFO 3768 --- [SeriesAnalyzer] [restartedMain] o.apache.catalina.core.StandardService   : Starting service [Tomcat]
2024-08-13T14:52:20.032-05:00  INFO 3768 --- [SeriesAnalyzer] [restartedMain] o.apache.catalina.core.StandardEngine    : Starting Servlet engine: [Apache Tomcat/10.1.19]
2024-08-13T14:52:20.119-05:00  INFO 3768 --- [SeriesAnalyzer] [restartedMain] o.a.c.c.C.[Tomcat].[localhost].[/]       : Initializing Spring embedded WebApplicationContext
2024-08-13T14:52:20.120-05:00  INFO 3768 --- [SeriesAnalyzer] [restartedMain] w.s.c.ServletWebServerApplicationContext : Root WebApplicationContext: initialization completed in 2614 ms
2024-08-13T14:52:20.357-05:00  INFO 3768 --- [SeriesAnalyzer] [restartedMain] o.hibernate.jpa.internal.util.LogHelper  : HHH000204: Processing PersistenceUnitInfo [name: default]
2024-08-13T14:52:20.449-05:00  INFO 3768 --- [SeriesAnalyzer] [restartedMain] org.hibernate.Version                    : HHH000412: Hibernate ORM core version 6.4.4.Final
2024-08-13T14:52:20.498-05:00  INFO 3768 --- [SeriesAnalyzer] [restartedMain] o.h.c.internal.RegionFactoryInitiator    : HHH000026: Second-level cache disabled
2024-08-13T14:52:20.779-05:00  INFO 3768 --- [SeriesAnalyzer] [restartedMain] o.s.o.j.p.SpringPersistenceUnitInfo      : No LoadTimeWeaver setup: ignoring JPA class transformer
2024-08-13T14:52:20.814-05:00  INFO 3768 --- [SeriesAnalyzer] [restartedMain] com.zaxxer.hikari.HikariDataSource       : HikariPool-1 - Starting...
2024-08-13T14:52:21.261-05:00  INFO 3768 --- [SeriesAnalyzer] [restartedMain] com.zaxxer.hikari.pool.HikariPool        : HikariPool-1 - Added connection com.mysql.cj.jdbc.ConnectionImpl@5f66114b
2024-08-13T14:52:21.264-05:00  INFO 3768 --- [SeriesAnalyzer] [restartedMain] com.zaxxer.hikari.HikariDataSource       : HikariPool-1 - Start completed.
2024-08-13T14:52:21.328-05:00  WARN 3768 --- [SeriesAnalyzer] [restartedMain] org.hibernate.orm.deprecation            : HHH90000025: MySQLDialect does not need to be specified explicitly using 'hibernate.dialect' (remove the property setting and it will be selected by default)
2024-08-13T14:52:21.645-05:00  WARN 3768 --- [SeriesAnalyzer] [restartedMain] o.h.boot.model.internal.EntityBinder     : HHH000457: Joined inheritance hierarchy [com.SeriesAnalyzer.main.Models.Series.Work] defined explicit @DiscriminatorColumn.  Legacy Hibernate behavior was to ignore the @DiscriminatorColumn.  However, as part of issue HHH-6911 we now apply the explicit @DiscriminatorColumn.  If you would prefer the legacy behavior, enable the `hibernate.discriminator.ignore_explicit_for_joined` setting (hibernate.discriminator.ignore_explicit_for_joined=true)
2024-08-13T14:52:22.868-05:00  INFO 3768 --- [SeriesAnalyzer] [restartedMain] o.h.e.t.j.p.i.JtaPlatformInitiator       : HHH000489: No JTA platform available (set 'hibernate.transaction.jta.platform' to enable JTA platform integration)
2024-08-13T14:52:23.094-05:00  INFO 3768 --- [SeriesAnalyzer] [restartedMain] j.LocalContainerEntityManagerFactoryBean : Initialized JPA EntityManagerFactory for persistence unit 'default'
2024-08-13T14:52:23.627-05:00  INFO 3768 --- [SeriesAnalyzer] [restartedMain] o.s.d.j.r.query.QueryEnhancerFactory     : Hibernate is in classpath; If applicable, HQL parser will be used.
2024-08-13T14:52:24.939-05:00  WARN 3768 --- [SeriesAnalyzer] [restartedMain] JpaBaseConfiguration$JpaWebConfiguration : spring.jpa.open-in-view is enabled by default. Therefore, database queries may be performed during view rendering. Explicitly configure spring.jpa.open-in-view to disable this warning
2024-08-13T14:52:25.305-05:00  INFO 3768 --- [SeriesAnalyzer] [restartedMain] o.s.s.web.DefaultSecurityFilterChain     : Will secure any request with [org.springframework.security.web.session.DisableEncodeUrlFilter@3376edea, org.springframework.security.web.context.request.async.WebAsyncManagerIntegrationFilter@7bb48484, org.springframework.security.web.context.SecurityContextHolderFilter@10ff1958, org.springframework.security.web.header.HeaderWriterFilter@6852c207, org.springframework.security.web.authentication.logout.LogoutFilter@3be56a63, com.SeriesAnalyzer.main.Configs.Security.JwtAuthenticationFilter@1696a76b, org.springframework.security.web.savedrequest.RequestCacheAwareFilter@2689336b, org.springframework.security.web.servletapi.SecurityContextHolderAwareRequestFilter@310ec81d, org.springframework.security.web.authentication.AnonymousAuthenticationFilter@b62d367, org.springframework.security.web.access.ExceptionTranslationFilter@23cb840d, org.springframework.security.web.access.intercept.AuthorizationFilter@66e5cde5]
2024-08-13T14:52:25.656-05:00  INFO 3768 --- [SeriesAnalyzer] [restartedMain] o.s.b.d.a.OptionalLiveReloadServer       : LiveReload server is running on port 35729
2024-08-13T14:52:25.694-05:00  INFO 3768 --- [SeriesAnalyzer] [restartedMain] o.s.b.w.embedded.tomcat.TomcatWebServer  : Tomcat started on port 8080 (http) with context path ''
2024-08-13T14:52:25.704-05:00  INFO 3768 --- [SeriesAnalyzer] [restartedMain] c.SeriesAnalyzer.main.LoginApplication   : Started LoginApplication in 8.839 seconds (process running for 9.605)
2024-08-13T14:52:27.893-05:00  INFO 3768 --- [SeriesAnalyzer] [http-nio-8080-exec-2] o.a.c.c.C.[Tomcat].[localhost].[/]       : Initializing Spring DispatcherServlet 'dispatcherServlet'
2024-08-13T14:52:27.893-05:00  INFO 3768 --- [SeriesAnalyzer] [http-nio-8080-exec-2] o.s.web.servlet.DispatcherServlet        : Initializing Servlet 'dispatcherServlet'
2024-08-13T14:52:27.896-05:00  INFO 3768 --- [SeriesAnalyzer] [http-nio-8080-exec-2] o.s.web.servlet.DispatcherServlet        : Completed initialization in 3 ms
2024-08-13T15:41:09.210-05:00  INFO 3768 --- [SeriesAnalyzer] [SpringApplicationShutdownHook] j.LocalContainerEntityManagerFactoryBean : Closing JPA EntityManagerFactory for persistence unit 'default'
2024-08-13T15:41:09.214-05:00  INFO 3768 --- [SeriesAnalyzer] [SpringApplicationShutdownHook] com.zaxxer.hikari.HikariDataSource       : HikariPool-1 - Shutdown initiated...
2024-08-13T15:41:09.218-05:00  INFO 3768 --- [SeriesAnalyzer] [SpringApplicationShutdownHook] com.zaxxer.hikari.HikariDataSource       : HikariPool-1 - Shutdown completed.
